2026/06/05 18:42:10 [SYSTEM] go_straight 啟動成功。目標頻道: @denzeluzi.072
2026/06/05 18:42:10 =========================================================
2026/06/05 18:42:10 🚀 儀表板背景監聽中: http://localhost:36591
2026/06/05 18:42:10 =========================================================
2026/06/05 18:42:10 [ERROR] Web 伺服器崩潰: listen tcp :36591: bind: address already in use
2026/06/05 18:42:31 [SYSTEM] go_straight 啟動成功。目標頻道: @denzeluzi.072
2026/06/05 18:42:31 =========================================================
2026/06/05 18:42:31 🚀 儀表板背景監聽中: http://localhost:36591
2026/06/05 18:42:31 =========================================================
2026/06/05 18:42:32 [PROBE] ⚠️ 發現目標 @denzeluzi.072 正在直播！派遣錄影核心...
2026/06/05 18:42:32 [CORE] 錄影開始: 20260605-184232.ts
2026/06/05 19:02:43 [CORE] 碎片儲存成功 (1210 秒)。
2026/06/05 19:02:45 [PROBE] 🎬 主播已下播，結束錄影任務。
2026/06/05 19:32:14 [SYSTEM] 收到遠端停止訊號，進程正優雅關閉中...
2026/06/05 19:33:04 [SYSTEM] go_straight 啟動成功。目標頻道: @staqlr3
2026/06/05 19:33:04 =========================================================
2026/06/05 19:33:04 🚀 儀表板背景監聽中: http://localhost:36591
2026/06/05 19:33:04 =========================================================
2026/06/05 19:33:58 [SYSTEM] 收到遠端停止訊號，進程正優雅關閉中...
2026/06/05 19:33:59 [SYSTEM] go_straight 啟動成功。目標頻道: @staqlr3
2026/06/05 19:33:59 =========================================================
2026/06/05 19:33:59 🚀 儀表板背景監聽中: http://localhost:36591
2026/06/05 19:33:59 =========================================================
2026/06/05 22:12:10 [SYSTEM] 收到遠端停止訊號，進程正優雅關閉中...
2026/06/05 22:12:12 [SYSTEM] go_straight 啟動成功。目標頻道: @staqlr3
2026/06/05 22:12:12 =========================================================
2026/06/05 22:12:12 🚀 儀表板背景監聽中: http://localhost:36591
2026/06/05 22:12:12 =========================================================
2026/06/05 22:12:37 [SYSTEM] 收到遠端停止訊號，進程正優雅關閉中...
2026/06/05 22:12:39 [SYSTEM] go_straight 啟動成功。目標頻道: @staqlr3
2026/06/05 22:12:39 =========================================================
2026/06/05 22:12:39 🚀 儀表板背景監聽中: http://localhost:36591
2026/06/05 22:12:39 =========================================================
2026/06/05 22:13:43 [SYSTEM] 收到遠端停止訊號，進程正優雅關閉中...
2026/06/05 22:13:45 [SYSTEM] go_straight 啟動成功。目標頻道: @user3430401427847
2026/06/05 22:13:45 =========================================================
2026/06/05 22:13:45 🚀 儀表板背景監聽中: http://localhost:36591
2026/06/05 22:13:45 =========================================================
2026/06/05 22:13:46 [PROBE] ⚠️ 發現目標 @user3430401427847 正在直播！派遣錄影核心...
2026/06/05 22:13:46 [CORE] 錄影開始: 20260605-221346.ts
2026/06/05 22:37:50 [SYSTEM] 收到遠端停止訊號，進程正優雅關閉中...
2026/06/05 22:37:50 [CORE] 錄影收到中斷指令，已主動停止。時長: 1444 秒
2026/06/05 22:37:50 [CORE] 碎片儲存成功 (1444 秒)。
2026/06/05 22:37:53 [SYSTEM] go_straight 啟動成功。目標頻道: @staqlr3
2026/06/05 22:37:53 =========================================================
2026/06/05 22:37:53 🚀 儀表板背景監聽中: http://localhost:36591
2026/06/05 22:37:53 =========================================================
2026/06/06 22:03:22 [SYSTEM] 收到遠端停止訊號，進程正優雅關閉中...
2026/06/06 22:03:24 [SYSTEM] go_straight 啟動成功。目標頻道: @yuxiao990
2026/06/06 22:03:24 =========================================================
2026/06/06 22:03:24 🚀 儀表板背景監聽中: http://localhost:36591
2026/06/06 22:03:24 =========================================================
2026/06/06 22:03:25 [PROBE] ⚠️ 發現目標 @yuxiao990 正在直播！派遣錄影核心...
2026/06/06 22:03:25 [CORE] 錄影開始: 20260606-220325.ts
2026/06/06 23:09:23 [CORE] 碎片儲存成功 (3957 秒)。
2026/06/06 23:09:25 [PROBE] 🎬 主播已下播，結束錄影任務。
2026/06/07 19:25:58 [SYSTEM] 收到遠端停止訊號，進程正優雅關閉中...
2026/06/07 19:26:00 [SYSTEM] go_straight 啟動成功。目標頻道: @staqlr3
2026/06/07 19:26:00 =========================================================
2026/06/07 19:26:00 🚀 儀表板背景監聽中: http://localhost:36591
2026/06/07 19:26:00 =========================================================
2026/06/09 19:57:54 [SYSTEM] 收到遠端停止訊號，進程正優雅關閉中...
2026/06/09 19:57:55 [SYSTEM] go_straight 啟動成功。目標頻道: @user3430401427847
2026/06/09 19:57:55 =========================================================
2026/06/09 19:57:55 🚀 儀表板背景監聽中: http://localhost:36591
2026/06/09 19:57:55 =========================================================
2026/06/09 19:57:56 [PROBE] ⚠️ 發現目標 @user3430401427847 正在直播！派遣錄影核心...
2026/06/09 19:57:56 [CORE] 錄影開始: 20260609-195756.ts
2026/06/09 20:18:46 [SYSTEM] 收到遠端停止訊號，進程正優雅關閉中...
2026/06/09 20:18:46 [CORE] 錄影收到中斷指令，已主動停止。時長: 1249 秒
2026/06/09 20:18:46 [CORE] 碎片儲存成功 (1249 秒)。
2026/06/09 20:20:16 =========================================================
2026/06/09 20:20:16 🚀 總控儀表板監聽中: http://localhost:8080
2026/06/09 20:20:16 =========================================================
2026/06/09 20:20:17 [PROBE] ⚠️ 發現目標 @user3430401427847 正在直播！派遣錄影核心...
2026/06/09 20:20:17 [CORE] [@user3430401427847] 錄影開始: 20260609-202017.ts
2026/06/09 20:20:41 [SYSTEM] 收到集群關閉指令，正在優雅釋放所有錄影管線...
2026/06/09 20:20:41 [CORE] [@user3430401427847] 錄影收到中斷指令，已主動停止。時長: 24 秒
2026/06/09 20:20:41 [CORE] [@user3430401427847] 碎片儲存成功 (24 秒)。
2026/06/09 20:20:47 =========================================================
2026/06/09 20:20:47 🚀 總控儀表板監聽中: http://localhost:8080
2026/06/09 20:20:47 =========================================================
2026/06/09 20:20:48 [PROBE] ⚠️ 發現目標 @user3430401427847 正在直播！派遣錄影核心...
2026/06/09 20:20:48 [CORE] [@user3430401427847] 錄影開始: 20260609-202048.ts
2026/06/09 20:22:19 [SYSTEM] 收到集群關閉指令，正在優雅釋放所有錄影管線...
2026/06/09 20:22:19 [CORE] [@user3430401427847] 錄影收到中斷指令，已主動停止。時長: 91 秒
2026/06/09 20:22:19 [CORE] [@user3430401427847] 碎片儲存成功 (91 秒)。
2026/06/09 20:22:42 =========================================================
2026/06/09 20:22:42 🚀 總控儀表板監聽中: http://localhost:8080
2026/06/09 20:22:42 =========================================================
2026/06/09 20:22:43 [PROBE] ⚠️ 發現目標 @user3430401427847 正在直播！派遣錄影核心...
2026/06/09 20:22:43 [CORE] [@user3430401427847] 錄影開始: 20260609-202243.ts
2026/06/09 20:23:19 [SYSTEM] 收到集群關閉指令，正在優雅釋放所有錄影管線...
2026/06/09 20:23:19 [CORE] [@user3430401427847] 錄影收到中斷指令，已主動停止。時長: 36 秒
2026/06/09 20:23:19 [CORE] [@user3430401427847] 碎片儲存成功 (36 秒)。
2026/06/09 20:23:43 =========================================================
2026/06/09 20:23:43 🚀 總控儀表板監聽中: http://localhost:8080
2026/06/09 20:23:43 =========================================================
2026/06/09 20:23:44 [PROBE] ⚠️ 發現目標 @user3430401427847 正在直播！派遣錄影核心...
2026/06/09 20:23:44 [CORE] [@user3430401427847] 錄影開始: 20260609-202344.ts
2026/06/09 20:29:54 [ALARM] ⚠️ [@user3430401427847] 管線異常中斷！產生診斷報告...
2026/06/09 20:29:54 [DIAGNOSIS] ffmpeg 遺言:
[in#0/flv @ 0x7f28f8c90000] Attempted to read next track in single-track mode.
[h264 @ 0x7f28f8c98380] Invalid NAL unit size (10905 > 4292).
[h264 @ 0x7f28f8c98380] missing picture in access unit with size 4296
[mpegts @ 0x7f28f8c90280] Error applying bitstream filters to an output packet for stream #0: Invalid data found when processing input
[vost#0:0/copy @ 0x7f28f8c94100] Error submitting a packet to the muxer: Invalid data found when processing input
    Last message repeated 1 times
[out#0/mpegts @ 0x7f28f8c83400] Error muxing a packet
[out#0/mpegts @ 0x7f28f8c83400] Task finished with error code: -1094995529 (Invalid data found when processing input)
[out#0/mpegts @ 0x7f28f8c83400] Terminating thread with return code -1094995529 (Invalid data found when processing input)
2026/06/09 20:29:54 [CORE] [@user3430401427847] 碎片儲存成功 (369 秒)。
2026/06/09 20:29:56 =========================================================
2026/06/09 20:29:56 🚀 總控儀表板監聽中: http://localhost:36591
2026/06/09 20:29:56 =========================================================
2026/06/09 20:29:57 [PROBE] ⚠️ 發現目標 @user3430401427847 正在直播！派遣錄影核心...
2026/06/09 20:29:57 [CORE] [@user3430401427847] 錄影開始: 20260609-202957.ts
2026/06/09 20:58:23 [SYSTEM] 收到集群關閉指令，正在優雅釋放所有錄影管線...
2026/06/09 20:58:23 [CORE] [@user3430401427847] 錄影收到中斷指令，已主動停止。時長: 1705 秒
2026/06/09 20:58:23 [CORE] [@user3430401427847] 碎片儲存成功 (1705 秒)。
2026/06/09 20:58:25 =========================================================
2026/06/09 20:58:25 🚀 總控儀表板監聽中: http://localhost:36591
2026/06/09 20:58:25 =========================================================
2026/06/09 20:58:26 [PROBE] ⚠️ 發現目標 @user3430401427847 正在直播！派遣錄影核心...
2026/06/09 20:58:26 [CORE] [@user3430401427847] 錄影開始: 20260609-205826.ts
2026/06/09 21:01:30 [SYSTEM] 收到集群關閉指令，正在優雅釋放所有錄影管線...
2026/06/09 21:01:30 [CORE] [@user3430401427847] 錄影收到中斷指令，已主動停止。時長: 184 秒
2026/06/09 21:01:30 [CORE] [@user3430401427847] 碎片儲存成功 (184 秒)。
2026/06/09 21:01:32 =========================================================
2026/06/09 21:01:32 🚀 總控儀表板監聽中: http://localhost:36591
2026/06/09 21:01:32 =========================================================
2026/06/09 21:01:33 [PROBE] ⚠️ 發現目標 @user3430401427847 正在直播！派遣錄影核心...
2026/06/09 21:01:33 [CORE] [@user3430401427847] 錄影開始: 20260609-210133.ts
2026/06/10 00:10:26 [CORE] [@user3430401427847] 碎片儲存成功 (11333 秒)。
2026/06/10 00:10:29 [PROBE] 🎬 主播 @user3430401427847 已下播，結束錄影任務。
2026/06/10 09:57:13 [SYSTEM] 收到集群關閉指令，正在優雅釋放所有錄影管線...
2026/06/10 09:57:15 =========================================================
2026/06/10 09:57:15 🚀 總控儀表板監聽中: http://localhost:36591
2026/06/10 09:57:15 =========================================================
2026/06/10 11:33:30 [SYSTEM] 收到集群關閉指令，正在優雅釋放所有錄影管線...
2026/06/10 11:33:34 =========================================================
2026/06/10 11:33:34 🚀 總控儀表板監聽中: http://localhost:36591
2026/06/10 11:33:34 =========================================================
2026/06/10 11:33:54 [CONFIG] 🔄 設定檔已熱載入！(Interval: 120s, SleepDeep: 3600s, Window: 12:30~00:00)
2026/06/10 11:34:34 [CONFIG] 🔄 設定檔已熱載入！(Interval: 120s, SleepDeep: 10s, Window: 12:30~00:00)
2026/06/10 11:35:04 [CONFIG] 🔄 設定檔已熱載入！(Interval: 120s, SleepDeep: 3600s, Window: 19:30~00:00)
2026/06/10 11:38:36 [SYSTEM] 收到集群關閉指令，正在優雅釋放所有錄影管線...
2026/06/10 11:38:39 =========================================================
2026/06/10 11:38:39 🚀 總控儀表板監聽中: http://localhost:36591
2026/06/10 11:38:39 =========================================================
2026/06/10 11:41:40 [SYSTEM] 收到集群關閉指令，正在優雅釋放所有錄影管線...
2026/06/10 11:41:43 =========================================================
2026/06/10 11:41:43 🚀 總控儀表板監聽中: http://localhost:36591
2026/06/10 11:41:43 =========================================================
2026/06/10 11:44:05 [SYSTEM] 收到集群關閉指令，正在優雅釋放所有錄影管線...
2026/06/10 11:44:07 =========================================================
2026/06/10 11:44:07 🚀 總控儀表板監聽中: http://localhost:36591
2026/06/10 11:44:07 =========================================================
2026/06/10 11:44:57 [CONFIG] 🔄 設定檔已熱載入！(Interval: 120s, SleepDeep: 3600s, Window: 12:30~00:00)
2026/06/10 11:45:07 [CONFIG] 🔄 設定檔已熱載入！(Interval: 120s, SleepDeep: 3600s, Window: 12:30~00:00)
2026/06/10 11:45:37 [CONFIG] 🔄 設定檔已熱載入！(Interval: 120s, SleepDeep: 3600s, Window: 12:30~00:00)
2026/06/10 11:47:33 [SYSTEM] 收到集群關閉指令，正在優雅釋放所有錄影管線...
2026/06/10 11:47:35 =========================================================
2026/06/10 11:47:35 🚀 總控儀表板監聽中: http://localhost:36591
2026/06/10 11:47:35 =========================================================
2026/06/10 11:48:05 [CONFIG] 🔄 設定檔已熱載入！(Interval: 120s, SleepDeep: 3600s, Window: 11:30~00:00)
2026/06/10 11:48:05 [RADAR] [@staqlr3] 收到排程熱載入變更通知！立刻打破長休眠重新計算。
2026/06/10 11:48:05 [RADAR] [@user3430401427847] 收到排程熱載入變更通知！立刻打破長休眠重新計算。
2026/06/10 11:48:20 [CONFIG] 🔄 設定檔已熱載入！(Interval: 120s, SleepDeep: 3600s, Window: 12:30~00:00)
2026/06/10 11:48:21 [RADAR] [@staqlr3] 戰備期間收到排程熱變更，重新對齊。
2026/06/10 11:48:21 [RADAR] [@user3430401427847] 戰備期間收到排程熱變更，重新對齊。
2026/06/10 11:49:30 [CONFIG] 🔄 設定檔已熱載入！(Interval: 120s, SleepDeep: 3600s, Window: 11:30~00:00)
2026/06/10 11:49:31 [RADAR] [@staqlr3] 收到排程熱載入變更通知！立刻打破長休眠重新計算。
2026/06/10 11:49:31 [RADAR] [@user3430401427847] 收到排程熱載入變更通知！立刻打破長休眠重新計算。
2026/06/10 11:49:50 [CONFIG] 🔄 設定檔已熱載入！(Interval: 120s, SleepDeep: 3600s, Window: 19:30~00:00)
2026/06/10 11:49:51 [RADAR] [@staqlr3] 戰備期間收到排程熱變更，重新對齊。
2026/06/10 11:49:51 [RADAR] [@user3430401427847] 戰備期間收到排程熱變更，重新對齊。
2026/06/10 11:52:49 [SYSTEM] 收到集群關閉指令，正在優雅釋放所有錄影管線...
2026/06/10 11:52:51 =========================================================
2026/06/10 11:52:51 🚀 總控儀表板監聽中: http://localhost:36591
2026/06/10 11:52:51 =========================================================
2026/06/10 12:03:08 [SYSTEM] 收到集群關閉指令，正在優雅釋放所有錄影管線...
2026/06/10 12:03:10 =========================================================
2026/06/10 12:03:10 🚀 總控儀表板監聽中: http://localhost:36591
2026/06/10 12:03:10 =========================================================
2026/06/10 12:09:04 [SYSTEM] 收到集群關閉指令，正在優雅釋放所有錄影管線...
2026/06/10 12:09:06 =========================================================
2026/06/10 12:09:06 🚀 總控儀表板監聽中: http://localhost:36591
2026/06/10 12:09:06 =========================================================
2026/06/10 12:10:24 [SYSTEM] 收到集群關閉指令，正在優雅釋放所有錄影管線...
2026/06/10 12:10:26 =========================================================
2026/06/10 12:10:26 🚀 總控儀表板監聽中: http://localhost:36591
2026/06/10 12:10:26 =========================================================
2026/06/10 12:13:31 [SYSTEM] 收到集群關閉指令，正在優雅釋放所有錄影管線...
2026/06/10 12:13:33 =========================================================
2026/06/10 12:13:33 🚀 總控儀表板監聽中: http://localhost:36591
2026/06/10 12:13:33 =========================================================
2026/06/10 12:14:08 [SYSTEM] 收到集群關閉指令，正在優雅釋放所有錄影管線...
2026/06/10 12:14:10 =========================================================
2026/06/10 12:14:10 🚀 總控儀表板監聽中: http://localhost:36591
2026/06/10 12:14:10 =========================================================
